  hook b0 cand   2.070s score 1.385 | مهت || تاج ريلز تشد الناس لمشروعك
  hook b0 cand   2.350s score 1.974 | محتاج || بريلز تشد الناس لمشروعك
  hook b1 cand   2.790s score 1.966 | محتاج ريلز || شد الناس لمشروعك
  hook b2 cand   3.100s score 1.783 | محتاج ريلز تشد || دي ناس لمش روك
  hook b2 cand   3.370s score 1.487 | محتاج ريلز تشد الناس || إسلم أشوك
  hook b3 cand   3.480s score 1.615 | محتاج ريلز تشد الناس || لما شرق
hook: محتاج@1.85 | ريلز@2.35 | تشدّ@2.79 | الناس@3.10 | لمشروعك؟@3.48
  p1   b0 cand   6.015s score 1.467 | يعني ما حت... || تاك مونتير
  p1   b1 cand   6.400s score 1.567 | يعني محتاج من || تير
p1: يعني@5.64 | محتاج@6.01 | مونتير@6.40
  p2   b0 cand   7.710s score 1.250 | ومصمم || الوصفة المتحركة
  p2   b1 cand   8.205s score 1.186 | ومصامم موشنة || الوثيقات
  p2   b1 cand   8.375s score 0.793 | ومصامم موشن جرا || fix
p2: ومصمّم@7.12 | موشن@7.71 | جرافيك@8.21
  p3   b0 cand   9.505s score 1.563 | وحدث || دي الكابتشن
  p3   b0 cand   9.685s score 1.255 | وحد الك || كابتون
p3: وحدّ@9.18 | للكابشن@9.51
  p4   b0 cand  10.600s score 0.975 | وحدث || تحدي السوط
  p4   b0 cand  10.765s score 1.467 | بحد || الصوت
p4: وحدّ@10.29 | للصوت@10.77
  p5   b0 cand  11.840s score 1.400 | دفع || فريق كامل
  p5   b0 cand  12.080s score 0.916 | دفريق || كامل
  p5   b1 cand  12.080s score 1.881 | دفريق || كامل
  p5   b1 cand  12.265s score 1.390 | الفريق كان || أمل
p5: ده@11.67 | فريق@11.84 | كامل!@12.08
  s1   b0 cand  20.565s score 1.045 | ما || كربيه
s1: مع@20.33 | COREVIA@20.57
  s2a  b0 cand  21.905s score 1.558 | الفريق || دا كلو
  s2a  b0 cand  22.185s score 1.607 | الفريق ده || كله
  s2a  b1 cand  22.360s score 1.128 | الفريق ده كله || اللو
  s2a  b1 cand  22.630s score 1.024 | الفريق ده كله || ترجمة ن
s2a: الفريق@21.41 | ده@22.18 | كلّه@22.36
  s2b  b0 cand  25.815s score 1.963 | في || باقة شهرية وحدة
  s2b  b1 cand  26.050s score 1.752 | في بق || قشهرية واحدة
  s2b  b2 cand  26.650s score 1.800 | في باقة شهرية || فوحدة
  s2b  b2 cand  26.900s score 1.349 | في باقة شهرية واحدة || ده
s2b: في@25.59 | باقة@25.82 | شهرية@26.05 | واحدة!@26.65
  r1   b0 cand  29.440s score 1.381 | منتاج حتى || تروفي
r1: مونتاج@28.88 | احترافي@29.44
  r2   b0 cand  30.550s score 1.909 | موشن || جرافك
  r2   b0 cand  30.825s score 0.974 | موشنة جراف || شكرا
r2: موشن@30.09 | جرافيك@30.55
  r3   b0 cand  32.115s score 1.603 | كابشن متعب || تحرك
r3: كابشن@31.45 | متحرك@32.12
  r4   b0 cand  33.400s score 1.473 | إموزي مط || تخصص ليك
  r4   b0 cand  33.480s score 1.614 | اي مو جيمو || خصص ليك
  r4   b1 cand  34.165s score 0.917 | إيموجي متخصص لك || ترجمة ن
r4: إيموجي@32.78 | متخصص@33.48 | لك@34.16
  r5   b0 cand  35.215s score 1.857 | ومؤسرات || صوتية
  r5   b0 cand  35.465s score 1.286 | ومؤثرات صوت || طيّة
r5: ومؤثرات@34.53 | صوتية@35.22
  c1   b0 cand  43.775s score 1.544 | من عاش || 10- 12 ريل كل شهر
  c1   b1 cand  44.170s score 1.946 | من عشره || الـ 12 ريل كل شهر
  c1   b1 cand  44.315s score 1.968 | من عشرة || الـ 12 ريل كل شهر
  c1   b2 cand  45.315s score 1.808 | من 10 ل 12 ريال || بريل كل شهر
  c1   b3 cand  45.720s score 1.994 | من 10 ل 12 ريل || كل شهر
  c1   b3 cand  45.760s score 2.000 | من 10 ل 12 ريل || كل شهر
  c1   b4 cand  46.055s score 1.590 | من 10 ل 12 ريل كل شهر || شار
  c1   b4 cand  46.330s score 1.104 | من 10 ل 12 ريل كل شهر || ترجمة ن
c1: من@43.45 | 10@43.77 | لـ 12@44.31 | ريل@45.31 | كل@45.76 | شهر@46.05
  c2   b0 cand  47.220s score 1.390 | يعني محتوى || تاوى سيبت كل أسبوع
  c2   b1 cand  47.665s score 1.618 | يعني محتوى سابق || بتكلو سبوع
  c2   b1 cand  47.770s score 1.580 | يعني محتوى سابق || كل أسبوع
  c2   b1 cand  47.820s score 1.350 | يعني محتوى ثابت || كل البوح
  c2   b2 cand  47.770s score 1.806 | يعني محتوى سابق || كل أسبوع
  c2   b2 cand  47.820s score 1.681 | يعني محتوى ثابت || كل البوح
  c2   b2 cand  48.040s score 1.730 | يعني محتوى ثابت كله || لسبوع
  c2   b3 cand  48.205s score 1.188 | يعني محتوى ثابت كلوز || موه
  c2   b3 cand  48.465s score 1.151 | يعني محتوى ثابت كل أسبوع || اشتركوا
c2: يعني@46.78 | محتوى@47.22 | ثابت@47.66 | كل@47.77 | أسبوع@48.20
  k1   b0 cand  50.865s score 1.324 | اي || اتنين
  k1   b0 cand  50.930s score 1.607 | ايزا || اي تانية
  k1   b1 cand  51.100s score 1.658 | ايز ايت || تانية
k1: عايز@50.66 | إيه@50.93 | تاني؟!@51.10
  k2   b0 cand  51.735s score 1.461 | ريا || ادماك و سيب الريلز
  k2   b0 cand  51.775s score 1.419 | رايان || دماك و سيب الريلز علي
  k2   b1 cand  52.235s score 1.682 | ريّع دما || كو سيب الريلز علينا
  k2   b2 cand  52.505s score 1.512 | ريّع دماك || تيب الريلز علينا
  k2   b3 cand  53.105s score 1.839 | ريح دماك و سيب ال || علينا
  k2   b3 cand  53.330s score 1.161 | ريح دماك و سيب الري || نه
k2: ريّح@51.50 | دماغك…@51.73 | وسيب@52.23 | الريلز@52.51 | علينا@53.10
  a1   b0 cand  56.515s score 1.706 | ابعت لنا رسال || سأل دلوقتي وخلي محتوىك يتكلم عنك
  a1   b0 cand  56.725s score 1.468 | ابعث لنا رسالة || دلوقتي وخلي محتوىك يتكلم عنك
  a1   b1 cand  57.035s score 1.738 | ابعث لنا رسالة د || دي وخلي محتوىك يتكلم عنك
  a1   b1 cand  57.075s score 1.710 | ابعث لنا رسالة دل || دي وخلي محتوىك يتكلم عنك
  a1   b2 cand  57.700s score 1.731 | ابعث لنا رسالة دلوقتي و || محتوىك يتكلم عنك
  a1   b2 cand  57.820s score 1.752 | ابعث لنا رسالة دلوقتي وخ || وحتواك يتكلم عنك
  a1   b3 cand  57.925s score 1.843 | ابعث لنا رسالة دلوقتي وخلي || توايك يتكلم عنك
  a1   b4 cand  58.495s score 1.778 | ابعث لنا رسالة دلوقتي وخلي محتوا || اتكلم عنك
  a1   b4 cand  58.775s score 1.714 | ابعث لنا رسالة دلوقتي وخلي محتواك || تكلم عننا
  a1   b5 cand  59.260s score 1.306 | ابعث لنا رسالة دلوقتي وخلي محتوىك يتك || أن
  a1   b5 cand  59.405s score 1.318 | ابعث لنا رسالة دلوقتي وخلي محتوىك يتكلم || نه
a1: ابعتلنا@55.84 | رسالة@56.52 | دلوقتي…@57.03 | وخلّي@57.82 | محتواك@57.92 | يتكلّم@58.49 | عنك@59.41
